
Crunchify.log file content: 0.46947762258565373
Crunchify.log file content: 0.13899977733847224
Crunchify.log file content: 0.7698890533827143
Crunchify.log file content: 0.5060564632003588
Crunchify.log file content: 0.1911052792735648
Crunchify.log file content: 0.4305071125009702
Crunchify.log file content: 0.5339585174963789
Crunchify.log file content: 0.4638647907945507
Crunchify.log file content: 0.05958239117044639
Crunchify.log file content: 0.3203687570086262
Crunchify.log file content: 0.863553318992382
Crunchify.log file content: 0.7195846954442112
Crunchify.log file content: 0.7710683709087254
Crunchify.log file content: 0.3847648708776876
Crunchify.log file content: 0.6754923264502173
Crunchify.log file content: 0.7144184362785394
Crunchify.log file content: 0.8260462084435677
Crunchify.log file content: 0.12493920241833356
Crunchify.log file content: 0.1173453770091768
Crunchify.log file content: 0.7281788849043649